Downloading pydantic-core (2.0MiB)
Downloading cryptography (4.6MiB)
Downloading jedi (1.5MiB)
 Downloaded jedi
 Downloaded pydantic-core
 Downloaded cryptography
Installed 68 packages in 114ms
============================= test session starts ==============================
platform linux -- Python 3.9.25, pytest-8.4.2, pluggy-1.6.0
rootdir: /home/gourabananda/Desktop/PROJECTS/error-translator-cli-v2
configfile: pyproject.toml
plugins: cov-7.1.0, anyio-4.12.1
collected 89 items

tests/test_ast.py .....                                                  [  5%]
tests/test_auto.py .....                                                 [ 11%]
tests/test_cli.py ...........................                            [ 41%]
tests/test_core.py ..........................................            [ 88%]
tests/test_jupyter.py ...                                                [ 92%]
tests/test_server.py .......                                             [100%]

================================ tests coverage ================================
_______________ coverage: platform linux, python 3.9.25-final-0 ________________

Name                                       Stmts   Miss  Cover   Missing
------------------------------------------------------------------------
src/error_translator/__init__.py               3      0   100%
src/error_translator/api/server.py            39      6    85%   24-25, 82-85
src/error_translator/ast/ast_engine.py        69     18    74%   44, 56-64, 81-85, 123-126, 136-138
src/error_translator/ast/ast_handlers.py      20      3    85%   28, 42, 55
src/error_translator/auto.py                  17      0   100%
src/error_translator/banner.py                21      1    95%   59
src/error_translator/cli.py                  132      9    93%   36, 65-68, 246-248, 263-264, 268
src/error_translator/core.py                  40      4    90%   20-21, 76-77
src/error_translator/jupyter.py               47     12    74%   8-10, 28, 52, 58-61, 81-82, 87-88
src/error_translator/parser.py                34      4    88%   54-55, 77-78
src/error_translator/rules.py                 17      0   100%
src/error_translator/runner.py                31      5    84%   29, 61, 69-73
src/error_translator/ui.py                   129      8    94%   25-26, 220-230, 259-260, 318
------------------------------------------------------------------------
TOTAL                                        599     70    88%
============================== 89 passed in 6.34s ==============================
